## LODORIA
*|GiantCrab:LesserSeaSnake:SeaWeeder:SeaZombie:WaterBeetle:Snapper|AquaticGhoul:FloatingEye:GiantEel:GiantLamprey:LightningElemental:Lobstran:Lurker:OilSlick:SeaGhost:SeaHag:SeaSerpent:SeaSnake:SeaTroll:Slitheran:StormCloud:Typhoon:WaterElemental:WaterStrider:WaterWeird|DeepSeaSerpent:EyeOfTheDeep:GiantSquid:Neptar:NeptarWizard:SeaDrake|Dagon:DeepWaterElemental:DemonOfTheSea:DragonTurtle:KelpElemental:Kraken:Krakoa:Leviathan:SeaDragon:SeaHagGreater:Wyvra|Dolphin||3|3|-2|1|1|1|7000|1|9999|319|213|106|53|26|13
*|WanderingHealer||||||3|3|0|1|1|1|7000|1|9999|25|0|0|0|0|0
*|ElfSailorWizard:ElfSailorArcher:ElfSailorMinstrel:ElfEvilSailorWizard:ElfEvilSailorArcher:ElfEvilSailorMinstrel||||||3|3|0|1|1|1|7000|1|9999|80|0|0|0|0|0
*|LandChest||||||3|3|0|1|1|1|7000|1|9999|125|0|0|0|0|0
*|WaterChest||||||3|3|0|1|1|1|7000|1|9999|125|0|0|0|0|0

## SOSARIA
*|GiantCrab:LesserSeaSnake:SeaWeeder:SeaZombie:WaterBeetle:Snapper|AquaticGhoul:FloatingEye:GiantEel:GiantLamprey:Lobstran:OilSlick:Raptus:SeaGhost:SeaHag:SeaSerpent:SeaSnake:SeaTroll:Slitheran:StormCloud:Typhoon:WaterElemental:WaterStrider:WaterWeird|DeepSeaSerpent:EyeOfTheDeep:GiantSquid:Neptar:NeptarWizard:SeaDrake:SeaweedElemental|Dagon:DeepWaterElemental:DemonOfTheSea:DragonTurtle:Kraken:Krakoa:Leviathan:SeaDragon:SeaHagGreater:Wyvra|Dolphin||3|3|-2|2|1|1|7000|1|9999|229|152|76|38|19|9
*|WanderingHealer||||||3|3|0|2|1|1|7000|1|9999|20|0|0|0|0|0
*|SailorWizard:SailorArcher:SailorMinstrel:EvilSailorWizard:EvilSailorArcher:EvilSailorMinstrel||||||3|3|0|2|1|1|7000|1|9999|60|0|0|0|0|0
*|LandChest||||||3|3|0|2|1|1|7000|1|9999|100|0|0|0|0|0
*|WaterChest||||||3|3|0|2|1|1|7000|1|9999|100|0|0|0|0|0

## AMBROSIA
*|GiantCrab:LesserSeaSnake:SeaWeeder:SeaZombie:WaterBeetle:Snapper|AquaticGhoul:FloatingEye:GiantEel:GiantLamprey:Lobstran:OilSlick:Raptus:SeaGhost:SeaHag:SeaSerpent:SeaSnake:SeaTroll:Slitheran:StormCloud:Typhoon:WaterElemental:WaterStrider:WaterWeird|DeepSeaSerpent:EyeOfTheDeep:GiantSquid:Neptar:NeptarWizard:SeaDrake:SeaweedElemental|Dagon:DeepWaterElemental:DemonOfTheSea:DragonTurtle:Kraken:Krakoa:Leviathan:SeaDragon:SeaHagGreater:Wyvra|Dolphin||5119|4093|-2|2|1|1|7000|1|9999|1|1|1|1|1|1
*|WanderingHealer||||||5119|4093|0|2|1|1|7000|1|9999|5|0|0|0|0|0
*|LandChest||||||5119|4093|0|2|1|1|7000|1|9999|10|0|0|0|0|0

## UMBER VEIL
*|GiantCrab:LesserSeaSnake:SeaWeeder:SeaZombie:WaterBeetle:Snapper|AquaticGhoul:FloatingEye:GiantEel:GiantLamprey:Lobstran:OilSlick:Raptus:SeaGhost:SeaHag:SeaSerpent:SeaSnake:SeaTroll:Slitheran:StormCloud:Typhoon:WaterElemental:WaterStrider:WaterWeird|DeepSeaSerpent:EyeOfTheDeep:GiantSquid:Neptar:NeptarWizard:SeaDrake:SeaweedElemental|Dagon:DeepWaterElemental:DemonOfTheSea:DragonTurtle:Kraken:Krakoa:Leviathan:SeaDragon:SeaHagGreater:Wyvra|Dolphin||701|4093|-2|2|1|1|7000|1|9999|21|14|7|4|2|1
*|WanderingHealer||||||701|4093|0|2|1|1|7000|1|9999|5|0|0|0|0|0
*|SailorWizard:SailorArcher:SailorMinstrel:EvilSailorWizard:EvilSailorArcher:EvilSailorMinstrel||||||701|4093|2|2|1|1|7000|1|9999|10|0|0|0|0|0
*|LandChest||||||701|4093|0|2|1|1|7000|1|9999|10|0|0|0|0|0
*|WaterChest||||||701|4093|0|2|1|1|7000|1|9999|10|0|0|0|0|0

## KULDAR
*|GiantCrab:LesserSeaSnake:SeaWeeder:SeaZombie:WaterBeetle:Snapper|AquaticGhoul:FloatingEye:GiantEel:GiantLamprey:Lobstran:OilSlick:Raptus:SeaGhost:SeaHag:SeaSerpent:SeaSnake:SeaTroll:Slitheran:StormCloud:Typhoon:WaterElemental:WaterStrider:WaterWeird|DeepSeaSerpent:EyeOfTheDeep:GiantSquid:Neptar:NeptarWizard:SeaDrake:SeaweedElemental|Dagon:DeepWaterElemental:DemonOfTheSea:DragonTurtle:Kraken:Krakoa:Leviathan:SeaDragon:SeaHagGreater:Wyvra|Dolphin||6129|830|-2|2|1|1|7000|1|9999|21|14|7|4|2|1
*|SailorWizard:SailorArcher:SailorMinstrel:EvilSailorWizard:EvilSailorArcher:EvilSailorMinstrel||||||6129|830|0|2|1|1|7000|1|9999|10|0|0|0|0|0
*|LandChest||||||6129|830|0|2|1|1|7000|1|9999|10|0|0|0|0|0
*|WaterChest||||||6129|830|0|2|1|1|7000|1|9999|10|0|0|0|0|0

## SERPENT ISLAND
*|GiantCrab:LesserSeaSnake:SeaWeeder:WaterBeetle:Snapper|DriftwoodElemental:FloatingEye:GiantEel:GiantLamprey:Lobstran:Lurker:SeaHag:SeaSerpent:SeaSnake:SeaTroll:Serpyn:StormCloud:Typhoon:WaterElemental:WaterStrider:WaterWeird|DeepSeaSerpent:EyeOfTheDeep:GiantSquid:Neptar:NeptarWizard:SeaDrake:SeaweedElemental|Dagon:DeepWaterElemental:DemonOfTheSea:DragonTurtle:Kraken:Krakoa:Leviathan:SeaDragon:SeaHagGreater:SerpynChampion:SerpynSorceress:Wyvra|Dolphin||3|3|-2|4|1|1|7000|1|9999|43|29|14|7|4|2
*|WanderingHealer||||||3|3|0|4|1|1|7000|1|9999|10|0|0|0|0|0
*|SailorWizard:SailorArcher:SailorMinstrel:EvilSailorWizard:EvilSailorArcher:EvilSailorMinstrel:ElfSailorWizard:ElfSailorArcher:ElfSailorMinstrel:ElfEvilSailorWizard:ElfEvilSailorArcher:ElfEvilSailorMinstrel||||||3|3|0|4|1|1|7000|1|9999|20|0|0|0|0|0
*|LandChest||||||3|3|0|4|1|1|7000|1|9999|35|0|0|0|0|0
*|WaterChest||||||3|3|0|4|1|1|7000|1|9999|35|0|0|0|0|0

## ISLES OF DREAD
*|GiantCrab:LesserSeaSnake:SeaWeeder:SeaZombie:WaterBeetle:Snapper|AquaticGhoul:DriftwoodElemental:FloatingEye:GiantEel:GiantLamprey:LightningElemental:Lobstran:Raptus:SeaGhost:SeaHag:SeaSerpent:SeaSnake:SeaTroll:StormCloud:Typhoon:WaterElemental:WaterStrider:WaterWeird|DeepSeaSerpent:EyeOfTheDeep:GiantSquid:Neptar:NeptarWizard:SeaDrake|Dagon:DeepWaterElemental:DemonOfTheSea:DragonTurtle:KelpElemental:Kraken:Krakoa:Leviathan:SeaDragon:SeaHagGreater:Wyvra|Dolphin||3|3|-2|5|1|1|7000|1|9999|34|23|11|6|3|1
*|WanderingHealer||||||3|3|0|5|1|1|7000|1|9999|10|0|0|0|0|0
*|SailorWizard:SailorArcher:SailorMinstrel:EvilSailorWizard:EvilSailorArcher:EvilSailorMinstrel||||||3|3|2|5|1|1|7000|1|9999|30|0|0|0|0|0
*|LandChest||||||3|3|0|5|1|1|7000|1|9999|10|0|0|0|0|0
*|WaterChest||||||3|3|0|5|1|1|7000|1|9999|10|0|0|0|0|0

## SAVAGED EMPIRE
*|GiantCrab:LesserSeaSnake:SeaWeeder:Snapper|AquaticGhoul:FloatingEye:GiantEel:GiantLamprey:Lobstran:SeaHag:SeaSerpent:SeaSnake:SeaTroll:StormCloud:Tritun:TritunMage:Typhoon:WaterElemental:WaterStrider:WaterWeird|Basilosaurus:DeepSeaSerpent:EyeOfTheDeep:GiantSquid|Dagon:DeepWaterElemental:DragonTurtle:Kraken:Krakoa:Leviathan:SeaHagGreater|||1128|302|2|6|1|1|7000|1|9999|7|4|2|0|0|0
*|WanderingHealer||||||1128|302|0|6|1|1|7000|1|9999|10|0|0|0|0|0
*|LandChest||||||1128|302|0|6|1|1|7000|1|9999|20|0|0|0|0|0
*|WaterChest||||||1128|302|0|6|1|1|7000|1|9999|20|0|0|0|0|0

## UNDERWORLD
*|GiantCrab:LesserSeaSnake:SeaWeeder:SeaZombie:WaterBeetle:Snapper|AquaticGhoul:FloatingEye:GiantEel:GiantLamprey:LightningElemental:Lobstran:Raptus:SeaGhost:SeaSerpent:SeaSnake:SeaTroll:WaterElemental:WaterStrider:WaterWeird|DeepSeaSerpent:EyeOfTheDeep:GiantSquid:Serpyn:SerpynSorceress:SeaDrake:SeaweedElemental|Dagon:DeepWaterElemental:KelpElemental:Kraken:Krakoa:Wyvra|DemonOfTheSea:Leviathan:SeaDragon:DragonTurtle:Cronosaurus||3|3|-2|3|1|1|7000|1|9999|43|29|14|7|4|2
*|Grum:Skellot:Toraxen:AlbinoBat|ObsidianElemental:QuartzElemental:SapphireElemental:SilverElemental:SpinelElemental:StarRubyElemental:TopazElemental:GarnetElemental|||||4|4|-2|3|1|1|7000|1|9999|800|100|0|0|0|0
*|Morlock:CragCat:DeadlyScorpion:HellHound:ShadowWisp:Fungal:Raptor:GreenSlime:StoneRoper:HeadlessOne:Zombie:ZombieMage:Vampire:SkeletalMage:Ghoul:Stirge:Orx|StygianGargoyle:Trollbear:GlowBeetle:PhaseSpider:ZombieSpider:ShadowRecluse:FungalMage:Stalker:Basilisk:UmberHulk:SkeletalKnight:Drider:DriderWizard:ElfBerserker:ElfMage:ElfMinstrel:ElfMonks:ElfRogue:MinotaurSmall:OrxWarrior|AbysmalOgre:StygianGargoyleLord:RunicGolem:Lavapede:AbyssCrawler:Nightmare:Beholder:Seeker:Grathek|AbyssGiant:AbysmalDaemon:AncientNightmare:GiantSkeleton:AbysmalDrake|AncientDrake:Manticore:HellBeast:Chimera:Cerberus:Vrock:DarkUnicorn:Watcher|AncientWyvern:EvilEnt:DragonGhost:ElderDragon|4|4|0|3|1|1|7000|1|9999|200|100|50|25|12|6
*|LandChest||||||4|4|-2|3|1|1|7000|1|9999|25|0|0|0|0|0
